EN debounce NULL "E:/Dropbox/programowanie/FPGA projects/chronometer/debounce.vhd" sub00/vhpl02 1356220562
EN chronometer NULL C:/Users/Lukasz/Desktop/chronometer/chronometer.vhd sub00/vhpl00 1426012734
AR debounce behavioral "E:/Dropbox/programowanie/FPGA projects/chronometer/debounce.vhd" sub00/vhpl03 1356220563
AR chronometer behavioral C:/Users/Lukasz/Desktop/chronometer/chronometer.vhd sub00/vhpl01 1426012735
